// Jest Snapshot v1, https://goo.gl/fbAQLP

exports[`weather details  weather details with static details renders correctly 1`] = `
[
  <Text
    className="font-bold text-2xl text-slate-700"
  >
    Details
  </Text>,
  <View
    className="flex-1 gap-8 px-5 pt-8 bg-slate-100 rounded-xl"
  >
    <View
      className="flex-1 flex-row gap-4 justify-between"
    >
      <Text
        className="font-semibold text-slate-400 text-xl"
      >
        Humidity  
        <Text
          className="text-2xl font-bold text-slate-600"
        >
          50%
        </Text>
      </Text>
      <Text
        className="font-semibold text-slate-400 text-xl"
      >
        Dew  
        <Text
          className="text-2xl font-bold text-slate-600"
        >
          10 °C
        </Text>
      </Text>
    </View>
    <View
      className="flex-1 flex-row justify-between"
    >
      <Text
        className="font-semibold text-slate-400 text-xl"
      >
        Wind  
        <Text
          className="text-2xl font-bold text-slate-600"
        >
          10 kmph
        </Text>
      </Text>
      <Text
        className="font-semibold text-slate-400 text-xl"
      >
        Wind chill  
        <Text
          className="text-2xl font-bold text-slate-600"
        >
          10 °C
        </Text>
      </Text>
    </View>
    <View
      className="flex-1 flex-row justify-between"
    >
      <View
        className="py-2"
      >
        <Text
          className="font-semibold text-slate-400 text-xl"
        >
          Clouds  
          <Text
            className="text-2xl font-bold text-slate-600"
          >
            20%
          </Text>
        </Text>
      </View>
      <RNGestureHandlerButton
        collapsable={false}
        delayLongPress={600}
        enabled={true}
        exclusive={true}
        handlerTag={1}
        handlerType="NativeViewGestureHandler"
        onGestureEvent={[Function]}
        onGestureHandlerEvent={[Function]}
        onGestureHandlerStateChange={[Function]}
        onHandlerStateChange={[Function]}
        rippleColor={0}
        touchSoundDisabled={false}
      >
        <View
          accessible={true}
          collapsable={false}
          style={
            {
              "opacity": 1,
            }
          }
        >
          <View
            className="flex-row gap-2 py-2"
          >
            <Text
              className="text-2xl font-bold text-slate-600"
            >
              AQI
            </Text>
            <Text />
          </View>
        </View>
      </RNGestureHandlerButton>
    </View>
    <View
      collapsable={false}
      style={
        {
          "height": 88000,
        }
      }
    >
      <View
        className="flex-1 gap-2"
      >
        <Text
          className="font-semibold text-slate-400 text-xl"
        >
          General Index  
          <Text
            className="text-2xl font-bold"
            style={
              {
                "color": "#00E400",
              }
            }
          >
            Good
          </Text>
        </Text>
        <Text
          className="font-semibold text-slate-400 text-xl"
        >
          Carbon Monoxide (μg/m3)  
          <Text
            className="text-2xl font-bold text-slate-600"
          >
            191.9
          </Text>
        </Text>
        <Text
          className="font-semibold text-slate-400 text-xl"
        >
          Ozone (μg/m3)  
          <Text
            className="text-2xl font-bold text-slate-600"
          >
            32.2
          </Text>
        </Text>
        <Text
          className="font-semibold text-slate-400 text-xl"
        >
          Nitrogen dioxide (μg/m3)  
          <Text
            className="text-2xl font-bold text-slate-600"
          >
            0.6
          </Text>
        </Text>
        <Text
          className="font-semibold text-slate-400 text-xl"
        >
          Sulphur dioxide (μg/m3)  
          <Text
            className="text-2xl font-bold text-slate-600"
          >
            0.8
          </Text>
        </Text>
        <Text
          className="font-semibold text-slate-400 text-xl"
        >
          PM2.5 (μg/m3)  
          <Text
            className="text-2xl font-bold text-slate-600"
          >
            2.7
          </Text>
        </Text>
        <Text
          className="font-semibold text-slate-400 text-xl"
        >
          PM10 (μg/m3)  
          <Text
            className="text-2xl font-bold text-slate-600"
          >
            5.5
          </Text>
        </Text>
      </View>
    </View>
  </View>,
]
`;
